{
  "user_name": "budougumi0617",
  "password": "test"
}